00:25:28 **** Incremental Build of configuration Debug for project ControlMotor ****
make -j12 all 
arm-none-eabi-gcc "../Core/Src/main.c" -mcpu=cortex-m4 -std=gnu11 -g3 -DDEBUG -DUSE_HAL_DRIVER -DSTM32F411xE -c -I../Core/Inc -I../Drivers/STM32F4xx_HAL_Driver/Inc -I../Drivers/STM32F4xx_HAL_Driver/Inc/Legacy -I../Drivers/CMSIS/Device/ST/STM32F4xx/Include -I../Drivers/CMSIS/Include -O0 -ffunction-sections -fdata-sections -Wall -fstack-usage -fcyclomatic-complexity -MMD -MP -MF"Core/Src/main.d" -MT"Core/Src/main.o" --specs=nano.specs -mfpu=fpv4-sp-d16 -mfloat-abi=hard -mthumb -o "Core/Src/main.o"
arm-none-eabi-gcc -o "ControlMotor.elf" @"objects.list"   -mcpu=cortex-m4 -T"C:\Users\bogur\Desktop\Came\CAME\STM\ControlMotor\STM32F411VETX_FLASH.ld" --specs=nosys.specs -Wl,-Map="ControlMotor.map" -Wl,--gc-sections -static --specs=nano.specs -mfpu=fpv4-sp-d16 -mfloat-abi=hard -mthumb -Wl,--start-group -lc -lm -Wl,--end-group
Finished building target: ControlMotor.elf
 
arm-none-eabi-size  ControlMotor.elf 
arm-none-eabi-objdump -h -S ControlMotor.elf  > "ControlMotor.list"
   text	   data	    bss	    dec	    hex	filename
   8700	     20	   1780	  10500	   2904	ControlMotor.elf
Finished building: default.size.stdout
 
Finished building: ControlMotor.list
 
00:25:53 **** Incremental Build of configuration Debug for project ControlMotor ****
make -j12 all 
arm-none-eabi-size  ControlMotor.elf 
   text	   data	    bss	    dec	    hex	filename
   8700	     20	   1780	  10500	   2904	ControlMotor.elf
Finished building: default.size.stdout
 
